BACILLUS AMR PROJECT
STEP 18 - PRODIGAL META PREDICTION OF AMR CONTEXT WINDOWS

Date: 2026-10-06T13:04:21-06:00
Prodigal: 
Input windows: 41

[1/41] L001_GCF_001617995.1_emrC
[2/41] L002_GCF_002566845.1_abaF
[3/41] L003_GCF_002567785.1_abaF
[4/41] L004_GCF_002583515.1_abaF
[5/41] L005_GCF_024495135.1_abaF
[6/41] L006_GCF_036621235.1_fosBx1
[7/41] L007_GCF_002993765.1_blaTEM
[8/41] L008_GCF_002993735.1_emrC
[9/41] L009_GCF_060371875.1_mleBCB
[10/41] L010_GCF_036966405.1_aph3-IIa
[11/41] L011_GCF_040492755.1_emrC
[12/41] L012_GCF_040492895.1_emrC
[13/41] L013_GCF_040151275.1_blaTEM
[14/41] L014_GCF_053895045.1_msrD
[15/41] L015_GCF_036621355.1_fosBx1
[16/41] L016_GCF_002558235.1_mphM
[17/41] L017_GCF_002575305.1_mphM
[18/41] L018_GCF_002575365.1_mphM
[19/41] L019_GCF_002575895.1_mphM
[20/41] L020_GCF_036621275.1_mphM
[21/41] L021_GCF_036621295.1_mphM
[22/41] L022_GCF_036621315.1_mphM
[23/41] L023_GCF_002552785.1_blaIII
[24/41] L024_GCF_002568725.1_fosB
[25/41] L025_GCF_002580975.1_fosB
[26/41] L026_GCF_036962425.1_fosB
[27/41] L027_GCF_004294525.1_aadK
[28/41] L028_GCF_013348705.1_ant9-Ia
[29/41] L029_GCF_013348705.1_aph3-IIIa
[30/41] L030_GCF_022370935.1_aph3-IIIa
[31/41] L031_GCF_022370935.1_aph3-IIIa
[32/41] L032_GCF_003854915.1_emrC
[33/41] L033_GCF_045924925.1_emrC
[34/41] L034_GCF_050445565.1_emrC
[35/41] L035_GCF_059147205.1_emrC
[36/41] L036_GCF_977015535.1_emrC
[37/41] L037_GCF_031324265.1_ermB
[38/41] L038_GCF_002555155.1_mleBCB
[39/41] L039_GCF_002555305.1_mleBCB
[40/41] L040_GCF_002555385.1_mphM
[41/41] L041_GCF_036963245.1_mphM

GFF files: 41
FAA files: 41
FFN files: 41
Total CDS predicted: 687
STEP 18 COMPLETE
